// Jest Snapshot v1, https://goo.gl/fbAQLP

exports[`toobig passing a config file with too-strict settings throws 1`] = `[Error: some files are over their max size]`;
